// Jest Snapshot v1, https://goo.gl/fbAQLP

exports[`tab subcomponent should render a Tab 1`] = `ShallowWrapper {}`;

exports[`tab subcomponent should render a tab bar with one tab inside 1`] = `ShallowWrapper {}`;
